// Jest Snapshot v1, https://goo.gl/fbAQLP

exports[`<TabTwoScreen /> CustomText renders correctly 1`] = `
<Text
  style={
    [
      {
        "color": "#000",
      },
      undefined,
    ]
  }
>
  Some text
</Text>
`;
